// Jest Snapshot v1, https://goo.gl/fbAQLP

exports[`Testing Title Component renders as expected 1`] = `
<header>
  <h1>
    ELF Computing | Laptops
  </h1>
</header>
`;
