// Jest Snapshot v1, https://goo.gl/fbAQLP

exports[`Testing ShoppingSummary Component renders as expected 1`] = `
<div>
  <div
    className="summary__option"
  >
    <div
      className="summary__option__label"
    >
      Processor
       
    </div>
    <div
      className="summary__option__value"
    >
      17th Generation Intel Core HB (7 Core with donut spare)
    </div>
    <div
      className="summary__option__cost"
    >
      $700.00
    </div>
  </div>
  <div
    className="summary__option"
  >
    <div
      className="summary__option__label"
    >
      Operating System
       
    </div>
    <div
      className="summary__option__value"
    >
      Ubuntu Linux 16.04
    </div>
    <div
      className="summary__option__cost"
    >
      $200.00
    </div>
  </div>
</div>
`;

exports[`Testing ShoppingSummary Component renders as expected without props 1`] = `<div />`;
